1:TOK_INT_LITERAL (0)
2:TOK_INT_LITERAL (1)
3:TOK_INT_LITERAL (123)
4:TOK_INT_LITERAL (123456789)
5:TOK_ID (a)
6:TOK_ID (abc123)
7:TOK_BREAK
8:TOK_CONTINUE
9:TOK_ELSE
10:TOK_IF
11:TOK_INT
12:TOK_RETURN
13:TOK_WHILE
14:TOK_ID (breakx)
15:TOK_ID (continuex)
16:TOK_ID (elsex)
17:TOK_ID (ifx)
18:TOK_ID (intx)
19:TOK_ID (returnx)
20:TOK_ID (whilex)
21:TOK_LPAREN
21:TOK_RPAREN
21:TOK_LBRACE
21:TOK_RBRACE
21:TOK_MUL
21:TOK_PLUS
21:TOK_MINUS
21:TOK_DIV
21:TOK_REM
21:TOK_BANG
21:TOK_LT
21:TOK_GT
21:TOK_LE
21:TOK_GE
22:TOK_EQ
22:TOK_NEQ
22:TOK_SEMICOLON
22:TOK_ASSIGN
22:TOK_COMMA
23:TOK_INT_LITERAL (1)
23:TOK_LPAREN
23:TOK_INT_LITERAL (1)
23:TOK_RPAREN
23:TOK_LBRACE
23:TOK_INT_LITERAL (1)
23:TOK_RBRACE
23:TOK_INT_LITERAL (1)
23:TOK_MUL
23:TOK_INT_LITERAL (1)
23:TOK_PLUS
23:TOK_INT_LITERAL (1)
23:TOK_MINUS
23:TOK_INT_LITERAL (1)
23:TOK_DIV
23:TOK_INT_LITERAL (1)
23:TOK_REM
23:TOK_INT_LITERAL (1)
23:TOK_BANG
23:TOK_INT_LITERAL (1)
23:TOK_LT
23:TOK_INT_LITERAL (1)
23:TOK_GT
23:TOK_INT_LITERAL (1)
23:TOK_LE
23:TOK_INT_LITERAL (1)
23:TOK_GE
23:TOK_INT_LITERAL (1)
23:TOK_EQ
23:TOK_INT_LITERAL (1)
23:TOK_NEQ
23:TOK_INT_LITERAL (1)
23:TOK_SEMICOLON
23:TOK_INT_LITERAL (1)
23:TOK_ASSIGN
23:TOK_INT_LITERAL (1)
23:TOK_COMMA
23:TOK_INT_LITERAL (1)
